﻿00:00 +0: loading C:/Users/tofik/StudioProjects/sign_language_translator/test/widget_test.dart
00:00 +0: App load smoke test
CameraService: No cameras available.
ΓòÉΓòÉΓòí EXCEPTION CAUGHT BY WIDGETS LIBRARY Γò₧ΓòÉΓòÉΓòÉΓòÉΓòÉΓòÉΓòÉΓòÉΓòÉΓòÉΓòÉΓòÉΓòÉΓòÉΓòÉΓòÉΓòÉΓòÉΓòÉΓòÉΓòÉΓòÉΓòÉΓòÉΓòÉΓòÉΓòÉΓòÉΓòÉΓòÉΓòÉΓòÉΓòÉΓòÉΓòÉΓòÉΓòÉΓòÉΓòÉΓòÉΓòÉΓòÉΓòÉΓòÉΓòÉΓòÉΓòÉΓòÉΓòÉΓòÉΓòÉΓòÉΓòÉΓòÉΓòÉΓòÉΓòÉΓòÉΓòÉ
The following assertion was thrown while finalizing the widget tree:
'package:flutter/src/widgets/framework.dart': Failed assertion: line 5340 pos 12: '_lifecycleState
!= _ElementLifecycle.defunct': is not true.

Either the assertion indicates an error in the framework itself, or we should provide substantially
more information in this error message to help you determine and fix the underlying cause.
In either case, please report this assertion by filing a bug on GitHub:
  https://github.com/flutter/flutter/issues/new?template=02_bug.yml

When the exception was thrown, this was the stack:
#2      Element.markNeedsBuild (package:flutter/src/widgets/framework.dart:5340:12)
#3      State.setState (package:flutter/src/widgets/framework.dart:1219:15)
#4      _TranslatorTabState.initState.<anonymous closure> (package:sign_language_translator/views/tabs/translator_tab.dart:59:35)
#5      WebSocketService.disconnect (package:sign_language_translator/services/websocket_service.dart:133:19)
#6      _TranslatorTabState.dispose (package:sign_language_translator/views/tabs/translator_tab.dart:439:23)
#7      StatefulElement.unmount (package:flutter/src/widgets/framework.dart:6030:11)
#8      _InactiveElements._unmount (package:flutter/src/widgets/framework.dart:2117:13)
#9      _InactiveElements._unmount.<anonymous closure> (package:flutter/src/widgets/framework.dart:2115:7)
#10     ComponentElement.visitChildren (package:flutter/src/widgets/framework.dart:5871:14)
#11     _InactiveElements._unmount (package:flutter/src/widgets/framework.dart:2113:13)
#12     _InactiveElements._unmount.<anonymous closure> (package:flutter/src/widgets/framework.dart:2115:7)
#13     ComponentElement.visitChildren (package:flutter/src/widgets/framework.dart:5871:14)
#14     _InactiveElements._unmount (package:flutter/src/widgets/framework.dart:2113:13)
#15     _InactiveElements._unmount.<anonymous closure> (package:flutter/src/widgets/framework.dart:2115:7)
#16     ComponentElement.visitChildren (package:flutter/src/widgets/framework.dart:5871:14)
#17     _InactiveElements._unmount (package:flutter/src/widgets/framework.dart:2113:13)
#18     _InactiveElements._unmount.<anonymous closure> (package:flutter/src/widgets/framework.dart:2115:7)
#19     SingleChildRenderObjectElement.visitChildren (package:flutter/src/widgets/framework.dart:7101:14)
#20     _InactiveElements._unmount (package:flutter/src/widgets/framework.dart:2113:13)
#21     _InactiveElements._unmount.<anonymous closure> (package:flutter/src/widgets/framework.dart:2115:7)
#22     SingleChildRenderObjectElement.visitChildren (package:flutter/src/widgets/framework.dart:7101:14)
#23     _InactiveElements._unmount (package:flutter/src/widgets/framework.dart:2113:13)
#24     _InactiveElements._unmount.<anonymous closure> (package:flutter/src/widgets/framework.dart:2115:7)
#25     ComponentElement.visitChildren (package:flutter/src/widgets/framework.dart:5871:14)
#26     _InactiveElements._unmount (package:flutter/src/widgets/framework.dart:2113:13)
#27     _InactiveElements._unmount.<anonymous closure> (package:flutter/src/widgets/framework.dart:2115:7)
#28     ComponentElement.visitChildren (package:flutter/src/widgets/framework.dart:5871:14)
#29     _InactiveElements._unmount (package:flutter/src/widgets/framework.dart:2113:13)
#30     _InactiveElements._unmount.<anonymous closure> (package:flutter/src/widgets/framework.dart:2115:7)
#31     MultiChildRenderObjectElement.visitChildren (package:flutter/src/widgets/framework.dart:7223:16)
#32     _InactiveElements._unmount (package:flutter/src/widgets/framework.dart:2113:13)
#33     _InactiveElements._unmount.<anonymous closure> (package:flutter/src/widgets/framework.dart:2115:7)
#34     ComponentElement.visitChildren (package:flutter/src/widgets/framework.dart:5871:14)
#35     _InactiveElements._unmount (package:flutter/src/widgets/framework.dart:2113:13)
#36     _InactiveElements._unmount.<anonymous closure> (package:flutter/src/widgets/framework.dart:2115:7)
#37     MultiChildRenderObjectElement.visitChildren (package:flutter/src/widgets/framework.dart:7223:16)
#38     _InactiveElements._unmount (package:flutter/src/widgets/framework.dart:2113:13)
#39     _InactiveElements._unmount.<anonymous closure> (package:flutter/src/widgets/framework.dart:2115:7)
#40     SingleChildRenderObjectElement.visitChildren (package:flutter/src/widgets/framework.dart:7101:14)
#41     _InactiveElements._unmount (package:flutter/src/widgets/framework.dart:2113:13)
#42     _InactiveElements._unmount.<anonymous closure> (package:flutter/src/widgets/framework.dart:2115:7)
#43     SingleChildRenderObjectElement.visitChildren (package:flutter/src/widgets/framework.dart:7101:14)
#44     _InactiveElements._unmount (package:flutter/src/widgets/framework.dart:2113:13)
#45     _InactiveElements._unmount.<anonymous closure> (package:flutter/src/widgets/framework.dart:2115:7)
#46     SingleChildRenderObjectElement.visitChildren (package:flutter/src/widgets/framework.dart:7101:14)
#47     _InactiveElements._unmount (package:flutter/src/widgets/framework.dart:2113:13)
#48     _InactiveElements._unmount.<anonymous closure> (package:flutter/src/widgets/framework.dart:2115:7)
#49     SingleChildRenderObjectElement.visitChildren (package:flutter/src/widgets/framework.dart:7101:14)
#50     _InactiveElements._unmount (package:flutter/src/widgets/framework.dart:2113:13)
#51     _InactiveElements._unmount.<anonymous closure> (package:flutter/src/widgets/framework.dart:2115:7)
#52     SingleChildRenderObjectElement.visitChildren (package:flutter/src/widgets/framework.dart:7101:14)
#53     _InactiveElements._unmount (package:flutter/src/widgets/framework.dart:2113:13)
#54     _InactiveElements._unmount.<anonymous closure> (package:flutter/src/widgets/framework.dart:2115:7)
#55     SingleChildRenderObjectElement.visitChildren (package:flutter/src/widgets/framework.dart:7101:14)
#56     _InactiveElements._unmount (package:flutter/src/widgets/framework.dart:2113:13)
#57     _InactiveElements._unmount.<anonymous closure> (package:flutter/src/widgets/framework.dart:2115:7)
#58     ComponentElement.visitChildren (package:flutter/src/widgets/framework.dart:5871:14)
#59     _InactiveElements._unmount (package:flutter/src/widgets/framework.dart:2113:13)
#60     _InactiveElements._unmount.<anonymous closure> (package:flutter/src/widgets/framework.dart:2115:7)
#61     SingleChildRenderObjectElement.visitChildren (package:flutter/src/widgets/framework.dart:7101:14)
#62     _InactiveElements._unmount (package:flutter/src/widgets/framework.dart:2113:13)
#63     _InactiveElements._unmount.<anonymous closure> (package:flutter/src/widgets/framework.dart:2115:7)
#64     ComponentElement.visitChildren (package:flutter/src/widgets/framework.dart:5871:14)
#65     _InactiveElements._unmount (package:flutter/src/widgets/framework.dart:2113:13)
#66     _InactiveElements._unmount.<anonymous closure> (package:flutter/src/widgets/framework.dart:2115:7)
#67     SingleChildRenderObjectElement.visitChildren (package:flutter/src/widgets/framework.dart:7101:14)
#68     _InactiveElements._unmount (package:flutter/src/widgets/framework.dart:2113:13)
#69     _InactiveElements._unmount.<anonymous closure> (package:flutter/src/widgets/framework.dart:2115:7)
#70     ComponentElement.visitChildren (package:flutter/src/widgets/framework.dart:5871:14)
#71     _InactiveElements._unmount (package:flutter/src/widgets/framework.dart:2113:13)
#72     _InactiveElements._unmount.<anonymous closure> (package:flutter/src/widgets/framework.dart:2115:7)
#73     SingleChildRenderObjectElement.visitChildren (package:flutter/src/widgets/framework.dart:7101:14)
#74     _InactiveElements._unmount (package:flutter/src/widgets/framework.dart:2113:13)
#75     _InactiveElements._unmount.<anonymous closure> (package:flutter/src/widgets/framework.dart:2115:7)
#76     ComponentElement.visitChildren (package:flutter/src/widgets/framework.dart:5871:14)
#77     _InactiveElements._unmount (package:flutter/src/widgets/framework.dart:2113:13)
#78     _InactiveElements._unmount.<anonymous closure> (package:flutter/src/widgets/framework.dart:2115:7)
#79     SingleChildRenderObjectElement.visitChildren (package:flutter/src/widgets/framework.dart:7101:14)
#80     _InactiveElements._unmount (package:flutter/src/widgets/framework.dart:2113:13)
#81     _InactiveElements._unmount.<anonymous closure> (package:flutter/src/widgets/framework.dart:2115:7)
#82     ComponentElement.visitChildren (package:flutter/src/widgets/framework.dart:5871:14)
#83     _InactiveElements._unmount (package:flutter/src/widgets/framework.dart:2113:13)
#84     _InactiveElements._unmount.<anonymous closure> (package:flutter/src/widgets/framework.dart:2115:7)
#85     ComponentElement.visitChildren (package:flutter/src/widgets/framework.dart:5871:14)
#86     _InactiveElements._unmount (package:flutter/src/widgets/framework.dart:2113:13)
#87     _InactiveElements._unmount.<anonymous closure> (package:flutter/src/widgets/framework.dart:2115:7)
#88     ComponentElement.visitChildren (package:flutter/src/widgets/framework.dart:5871:14)
#89     _InactiveElements._unmount (package:flutter/src/widgets/framework.dart:2113:13)
#90     _InactiveElements._unmount.<anonymous closure> (package:flutter/src/widgets/framework.dart:2115:7)
#91     ComponentElement.visitChildren (package:flutter/src/widgets/framework.dart:5871:14)
#92     _InactiveElements._unmount (package:flutter/src/widgets/framework.dart:2113:13)
#93     _InactiveElements._unmount.<anonymous closure> (package:flutter/src/widgets/framework.dart:2115:7)
#94     ComponentElement.visitChildren (package:flutter/src/widgets/framework.dart:5871:14)
#95     _InactiveElements._unmount (package:flutter/src/widgets/framework.dart:2113:13)
#96     _InactiveElements._unmount.<anonymous closure> (package:flutter/src/widgets/framework.dart:2115:7)
#97     ComponentElement.visitChildren (package:flutter/src/widgets/framework.dart:5871:14)
#98     _InactiveElements._unmount (package:flutter/src/widgets/framework.dart:2113:13)
#99     _InactiveElements._unmount.<anonymous closure> (package:flutter/src/widgets/framework.dart:2115:7)
#100    ComponentElement.visitChildren (package:flutter/src/widgets/framework.dart:5871:14)
#101    _InactiveElements._unmount (package:flutter/src/widgets/framework.dart:2113:13)
#102    _InactiveElements._unmount.<anonymous closure> (package:flutter/src/widgets/framework.dart:2115:7)
#103    SingleChildRenderObjectElement.visitChildren (package:flutter/src/widgets/framework.dart:7101:14)
#104    _InactiveElements._unmount (package:flutter/src/widgets/framework.dart:2113:13)
#105    _InactiveElements._unmount.<anonymous closure> (package:flutter/src/widgets/framework.dart:2115:7)
#106    ComponentElement.visitChildren (package:flutter/src/widgets/framework.dart:5871:14)
#107    _InactiveElements._unmount (package:flutter/src/widgets/framework.dart:2113:13)
#108    _InactiveElements._unmount.<anonymous closure> (package:flutter/src/widgets/framework.dart:2115:7)
#109    ComponentElement.visitChildren (package:flutter/src/widgets/framework.dart:5871:14)
#110    _InactiveElements._unmount (package:flutter/src/widgets/framework.dart:2113:13)
#111    _InactiveElements._unmount.<anonymous closure> (package:flutter/src/widgets/framework.dart:2115:7)
#112    ComponentElement.visitChildren (package:flutter/src/widgets/framework.dart:5871:14)
#113    _InactiveElements._unmount (package:flutter/src/widgets/framework.dart:2113:13)
#114    _InactiveElements._unmount.<anonymous closure> (package:flutter/src/widgets/framework.dart:2115:7)
#115    ComponentElement.visitChildren (package:flutter/src/widgets/framework.dart:5871:14)
#116    _InactiveElements._unmount (package:flutter/src/widgets/framework.dart:2113:13)
#117    _InactiveElements._unmount.<anonymous closure> (package:flutter/src/widgets/framework.dart:2115:7)
#118    ComponentElement.visitChildren (package:flutter/src/widgets/framework.dart:5871:14)
#119    _InactiveElements._unmount (package:flutter/src/widgets/framework.dart:2113:13)
#120    _InactiveElements._unmount.<anonymous closure> (package:flutter/src/widgets/framework.dart:2115:7)
#121    MultiChildRenderObjectElement.visitChildren (package:flutter/src/widgets/framework.dart:7223:16)
#122    _InactiveElements._unmount (package:flutter/src/widgets/framework.dart:2113:13)
#123    _InactiveElements._unmount.<anonymous closure> (package:flutter/src/widgets/framework.dart:2115:7)
#124    ComponentElement.visitChildren (package:flutter/src/widgets/framework.dart:5871:14)
#125    _InactiveElements._unmount (package:flutter/src/widgets/framework.dart:2113:13)
#126    _InactiveElements._unmount.<anonymous closure> (package:flutter/src/widgets/framework.dart:2115:7)
#127    ComponentElement.visitChildren (package:flutter/src/widgets/framework.dart:5871:14)
#128    _InactiveElements._unmount (package:flutter/src/widgets/framework.dart:2113:13)
#129    _InactiveElements._unmount.<anonymous closure> (package:flutter/src/widgets/framework.dart:2115:7)
#130    ComponentElement.visitChildren (package:flutter/src/widgets/framework.dart:5871:14)
#131    _InactiveElements._unmount (package:flutter/src/widgets/framework.dart:2113:13)
#132    _InactiveElements._unmount.<anonymous closure> (package:flutter/src/widgets/framework.dart:2115:7)
#133    ComponentElement.visitChildren (package:flutter/src/widgets/framework.dart:5871:14)
#134    _InactiveElements._unmount (package:flutter/src/widgets/framework.dart:2113:13)
#135    _InactiveElements._unmount.<anonymous closure> (package:flutter/src/widgets/framework.dart:2115:7)
#136    ComponentElement.visitChildren (package:flutter/src/widgets/framework.dart:5871:14)
#137    _InactiveElements._unmount (package:flutter/src/widgets/framework.dart:2113:13)
#138    _InactiveElements._unmount.<anonymous closure> (package:flutter/src/widgets/framework.dart:2115:7)
#139    SingleChildRenderObjectElement.visitChildren (package:flutter/src/widgets/framework.dart:7101:14)
#140    _InactiveElements._unmount (package:flutter/src/widgets/framework.dart:2113:13)
#141    _InactiveElements._unmount.<anonymous closure> (package:flutter/src/widgets/framework.dart:2115:7)
#142    ComponentElement.visitChildren (package:flutter/src/widgets/framework.dart:5871:14)
#143    _InactiveElements._unmount (package:flutter/src/widgets/framework.dart:2113:13)
#144    _InactiveElements._unmount.<anonymous closure> (package:flutter/src/widgets/framework.dart:2115:7)
#145    SingleChildRenderObjectElement.visitChildren (package:flutter/src/widgets/framework.dart:7101:14)
#146    _InactiveElements._unmount (package:flutter/src/widgets/framework.dart:2113:13)
#147    _InactiveElements._unmount.<anonymous closure> (package:flutter/src/widgets/framework.dart:2115:7)
#148    ComponentElement.visitChildren (package:flutter/src/widgets/framework.dart:5871:14)
#149    _InactiveElements._unmount (package:flutter/src/widgets/framework.dart:2113:13)
#150    _InactiveElements._unmount.<anonymous closure> (package:flutter/src/widgets/framework.dart:2115:7)
#151    ComponentElement.visitChildren (package:flutter/src/widgets/framework.dart:5871:14)
#152    _InactiveElements._unmount (package:flutter/src/widgets/framework.dart:2113:13)
#153    _InactiveElements._unmount.<anonymous closure> (package:flutter/src/widgets/framework.dart:2115:7)
#154    ComponentElement.visitChildren (package:flutter/src/widgets/framework.dart:5871:14)
#155    _InactiveElements._unmount (package:flutter/src/widgets/framework.dart:2113:13)
#156    _InactiveElements._unmount.<anonymous closure> (package:flutter/src/widgets/framework.dart:2115:7)
#157    ComponentElement.visitChildren (package:flutter/src/widgets/framework.dart:5871:14)
#158    _InactiveElements._unmount (package:flutter/src/widgets/framework.dart:2113:13)
#159    _InactiveElements._unmount.<anonymous closure> (package:flutter/src/widgets/framework.dart:2115:7)
#160    ComponentElement.visitChildren (package:flutter/src/widgets/framework.dart:5871:14)
#161    _InactiveElements._unmount (package:flutter/src/widgets/framework.dart:2113:13)
#162    _InactiveElements._unmount.<anonymous closure> (package:flutter/src/widgets/framework.dart:2115:7)
#163    ComponentElement.visitChildren (package:flutter/src/widgets/framework.dart:5871:14)
#164    _InactiveElements._unmount (package:flutter/src/widgets/framework.dart:2113:13)
#165    _InactiveElements._unmount.<anonymous closure> (package:flutter/src/widgets/framework.dart:2115:7)
#166    ComponentElement.visitChildren (package:flutter/src/widgets/framework.dart:5871:14)
#167    _InactiveElements._unmount (package:flutter/src/widgets/framework.dart:2113:13)
#168    _InactiveElements._unmount.<anonymous closure> (package:flutter/src/widgets/framework.dart:2115:7)
#169    ComponentElement.visitChildren (package:flutter/src/widgets/framework.dart:5871:14)
#170    _InactiveElements._unmount (package:flutter/src/widgets/framework.dart:2113:13)
#171    _InactiveElements._unmount.<anonymous closure> (package:flutter/src/widgets/framework.dart:2115:7)
#172    ComponentElement.visitChildren (package:flutter/src/widgets/framework.dart:5871:14)
#173    _InactiveElements._unmount (package:flutter/src/widgets/framework.dart:2113:13)
#174    _InactiveElements._unmount.<anonymous closure> (package:flutter/src/widgets/framework.dart:2115:7)
#175    SingleChildRenderObjectElement.visitChildren (package:flutter/src/widgets/framework.dart:7101:14)
#176    _InactiveElements._unmount (package:flutter/src/widgets/framework.dart:2113:13)
#177    _InactiveElements._unmount.<anonymous closure> (package:flutter/src/widgets/framework.dart:2115:7)
#178    ComponentElement.visitChildren (package:flutter/src/widgets/framework.dart:5871:14)
#179    _InactiveElements._unmount (package:flutter/src/widgets/framework.dart:2113:13)
#180    _InactiveElements._unmount.<anonymous closure> (package:flutter/src/widgets/framework.dart:2115:7)
#181    SingleChildRenderObjectElement.visitChildren (package:flutter/src/widgets/framework.dart:7101:14)
#182    _InactiveElements._unmount (package:flutter/src/widgets/framework.dart:2113:13)
#183    _InactiveElements._unmount.<anonymous closure> (package:flutter/src/widgets/framework.dart:2115:7)
#184    SingleChildRenderObjectElement.visitChildren (package:flutter/src/widgets/framework.dart:7101:14)
#185    _InactiveElements._unmount (package:flutter/src/widgets/framework.dart:2113:13)
#186    _InactiveElements._unmount.<anonymous closure> (package:flutter/src/widgets/framework.dart:2115:7)
#187    ComponentElement.visitChildren (package:flutter/src/widgets/framework.dart:5871:14)
#188    _InactiveElements._unmount (package:flutter/src/widgets/framework.dart:2113:13)
#189    _InactiveElements._unmount.<anonymous closure> (package:flutter/src/widgets/framework.dart:2115:7)
#190    SingleChildRenderObjectElement.visitChildren (package:flutter/src/widgets/framework.dart:7101:14)
#191    _InactiveElements._unmount (package:flutter/src/widgets/framework.dart:2113:13)
#192    _InactiveElements._unmount.<anonymous closure> (package:flutter/src/widgets/framework.dart:2115:7)
#193    ComponentElement.visitChildren (package:flutter/src/widgets/framework.dart:5871:14)
#194    _InactiveElements._unmount (package:flutter/src/widgets/framework.dart:2113:13)
#195    _InactiveElements._unmount.<anonymous closure> (package:flutter/src/widgets/framework.dart:2115:7)
#196    SingleChildRenderObjectElement.visitChildren (package:flutter/src/widgets/framework.dart:7101:14)
#197    _InactiveElements._unmount (package:flutter/src/widgets/framework.dart:2113:13)
#198    _InactiveElements._unmount.<anonymous closure> (package:flutter/src/widgets/framework.dart:2115:7)
#199    SingleChildRenderObjectElement.visitChildren (package:flutter/src/widgets/framework.dart:7101:14)
#200    _InactiveElements._unmount (package:flutter/src/widgets/framework.dart:2113:13)
#201    _InactiveElements._unmount.<anonymous closure> (package:flutter/src/widgets/framework.dart:2115:7)
#202    ComponentElement.visitChildren (package:flutter/src/widgets/framework.dart:5871:14)
#203    _InactiveElements._unmount (package:flutter/src/widgets/framework.dart:2113:13)
#204    _InactiveElements._unmount.<anonymous closure> (package:flutter/src/widgets/framework.dart:2115:7)
#205    SingleChildRenderObjectElement.visitChildren (package:flutter/src/widgets/framework.dart:7101:14)
#206    _InactiveElements._unmount (package:flutter/src/widgets/framework.dart:2113:13)
#207    _InactiveElements._unmount.<anonymous closure> (package:flutter/src/widgets/framework.dart:2115:7)
#208    ComponentElement.visitChildren (package:flutter/src/widgets/framework.dart:5871:14)
#209    _InactiveElements._unmount (package:flutter/src/widgets/framework.dart:2113:13)
#210    _InactiveElements._unmount.<anonymous closure> (package:flutter/src/widgets/framework.dart:2115:7)
#211    SingleChildRenderObjectElement.visitChildren (package:flutter/src/widgets/framework.dart:7101:14)
#212    _InactiveElements._unmount (package:flutter/src/widgets/framework.dart:2113:13)
#213    _InactiveElements._unmount.<anonymous closure> (package:flutter/src/widgets/framework.dart:2115:7)
#214    SingleChildRenderObjectElement.visitChildren (package:flutter/src/widgets/framework.dart:7101:14)
#215    _InactiveElements._unmount (package:flutter/src/widgets/framework.dart:2113:13)
#216    _InactiveElements._unmount.<anonymous closure> (package:flutter/src/widgets/framework.dart:2115:7)
#217    ComponentElement.visitChildren (package:flutter/src/widgets/framework.dart:5871:14)
#218    _InactiveElements._unmount (package:flutter/src/widgets/framework.dart:2113:13)
#219    _InactiveElements._unmount.<anonymous closure> (package:flutter/src/widgets/framework.dart:2115:7)
#220    SingleChildRenderObjectElement.visitChildren (package:flutter/src/widgets/framework.dart:7101:14)
#221    _InactiveElements._unmount (package:flutter/src/widgets/framework.dart:2113:13)
#222    _InactiveElements._unmount.<anonymous closure> (package:flutter/src/widgets/framework.dart:2115:7)
#223    SingleChildRenderObjectElement.visitChildren (package:flutter/src/widgets/framework.dart:7101:14)
#224    _InactiveElements._unmount (package:flutter/src/widgets/framework.dart:2113:13)
#225    _InactiveElements._unmount.<anonymous closure> (package:flutter/src/widgets/framework.dart:2115:7)
#226    SingleChildRenderObjectElement.visitChildren (package:flutter/src/widgets/framework.dart:7101:14)
#227    _InactiveElements._unmount (package:flutter/src/widgets/framework.dart:2113:13)
#228    _InactiveElements._unmount.<anonymous closure> (package:flutter/src/widgets/framework.dart:2115:7)
#229    ComponentElement.visitChildren (package:flutter/src/widgets/framework.dart:5871:14)
#230    _InactiveElements._unmount (package:flutter/src/widgets/framework.dart:2113:13)
#231    _InactiveElements._unmount.<anonymous closure> (package:flutter/src/widgets/framework.dart:2115:7)
#232    SingleChildRenderObjectElement.visitChildren (package:flutter/src/widgets/framework.dart:7101:14)
#233    _InactiveElements._unmount (package:flutter/src/widgets/framework.dart:2113:13)
#234    _InactiveElements._unmount.<anonymous closure> (package:flutter/src/widgets/framework.dart:2115:7)
#235    ComponentElement.visitChildren (package:flutter/src/widgets/framework.dart:5871:14)
#236    _InactiveElements._unmount (package:flutter/src/widgets/framework.dart:2113:13)
#237    _InactiveElements._unmount.<anonymous closure> (package:flutter/src/widgets/framework.dart:2115:7)
#238    ComponentElement.visitChildren (package:flutter/src/widgets/framework.dart:5871:14)
#239    _InactiveElements._unmount (package:flutter/src/widgets/framework.dart:2113:13)
#240    _InactiveElements._unmount.<anonymous closure> (package:flutter/src/widgets/framework.dart:2115:7)
#241    ComponentElement.visitChildren (package:flutter/src/widgets/framework.dart:5871:14)
#242    _InactiveElements._unmount (package:flutter/src/widgets/framework.dart:2113:13)
#243    _InactiveElements._unmount.<anonymous closure> (package:flutter/src/widgets/framework.dart:2115:7)
#244    ComponentElement.visitChildren (package:flutter/src/widgets/framework.dart:5871:14)
#245    _InactiveElements._unmount (package:flutter/src/widgets/framework.dart:2113:13)
#246    _InactiveElements._unmount.<anonymous closure> (package:flutter/src/widgets/framework.dart:2115:7)
#247    ComponentElement.visitChildren (package:flutter/src/widgets/framework.dart:5871:14)
#248    _InactiveElements._unmount (package:flutter/src/widgets/framework.dart:2113:13)
#249    _InactiveElements._unmount.<anonymous closure> (package:flutter/src/widgets/framework.dart:2115:7)
#250    SingleChildRenderObjectElement.visitChildren (package:flutter/src/widgets/framework.dart:7101:14)
#251    _InactiveElements._unmount (package:flutter/src/widgets/framework.dart:2113:13)
#252    _InactiveElements._unmount.<anonymous closure> (package:flutter/src/widgets/framework.dart:2115:7)
#253    ComponentElement.visitChildren (package:flutter/src/widgets/framework.dart:5871:14)
#254    _InactiveElements._unmount (package:flutter/src/widgets/framework.dart:2113:13)
#255    _InactiveElements._unmount.<anonymous closure> (package:flutter/src/widgets/framework.dart:2115:7)
#256    SingleChildRenderObjectElement.visitChildren (package:flutter/src/widgets/framework.dart:7101:14)
#257    _InactiveElements._unmount (package:flutter/src/widgets/framework.dart:2113:13)
#258    _InactiveElements._unmount.<anonymous closure> (package:flutter/src/widgets/framework.dart:2115:7)
#259    ComponentElement.visitChildren (package:flutter/src/widgets/framework.dart:5871:14)
#260    _InactiveElements._unmount (package:flutter/src/widgets/framework.dart:2113:13)
#261    _InactiveElements._unmount.<anonymous closure> (package:flutter/src/widgets/framework.dart:2115:7)
#262    ComponentElement.visitChildren (package:flutter/src/widgets/framework.dart:5871:14)
#263    _InactiveElements._unmount (package:flutter/src/widgets/framework.dart:2113:13)
#264    _InactiveElements._unmount.<anonymous closure> (package:flutter/src/widgets/framework.dart:2115:7)
#265    ComponentElement.visitChildren (package:flutter/src/widgets/framework.dart:5871:14)
#266    _InactiveElements._unmount (package:flutter/src/widgets/framework.dart:2113:13)
#267    _InactiveElements._unmount.<anonymous closure> (package:flutter/src/widgets/framework.dart:2115:7)
#268    ComponentElement.visitChildren (package:flutter/src/widgets/framework.dart:5871:14)
#269    _InactiveElements._unmount (package:flutter/src/widgets/framework.dart:2113:13)
#270    _InactiveElements._unmount.<anonymous closure> (package:flutter/src/widgets/framework.dart:2115:7)
#271    ComponentElement.visitChildren (package:flutter/src/widgets/framework.dart:5871:14)
#272    _InactiveElements._unmount (package:flutter/src/widgets/framework.dart:2113:13)
#273    _InactiveElements._unmount.<anonymous closure> (package:flutter/src/widgets/framework.dart:2115:7)
#274    ComponentElement.visitChildren (package:flutter/src/widgets/framework.dart:5871:14)
#275    _InactiveElements._unmount (package:flutter/src/widgets/framework.dart:2113:13)
#276    _InactiveElements._unmount.<anonymous closure> (package:flutter/src/widgets/framework.dart:2115:7)
#277    SingleChildRenderObjectElement.visitChildren (package:flutter/src/widgets/framework.dart:7101:14)
#278    _InactiveElements._unmount (package:flutter/src/widgets/framework.dart:2113:13)
#279    _InactiveElements._unmount.<anonymous closure> (package:flutter/src/widgets/framework.dart:2115:7)
#280    ComponentElement.visitChildren (package:flutter/src/widgets/framework.dart:5871:14)
#281    _InactiveElements._unmount (package:flutter/src/widgets/framework.dart:2113:13)
#282    _InactiveElements._unmount.<anonymous closure> (package:flutter/src/widgets/framework.dart:2115:7)
#283    ComponentElement.visitChildren (package:flutter/src/widgets/framework.dart:5871:14)
#284    _InactiveElements._unmount (package:flutter/src/widgets/framework.dart:2113:13)
#285    _InactiveElements._unmount.<anonymous closure> (package:flutter/src/widgets/framework.dart:2115:7)
#286    ComponentElement.visitChildren (package:flutter/src/widgets/framework.dart:5871:14)
#287    _InactiveElements._unmount (package:flutter/src/widgets/framework.dart:2113:13)
#288    _InactiveElements._unmount.<anonymous closure> (package:flutter/src/widgets/framework.dart:2115:7)
#289    ComponentElement.visitChildren (package:flutter/src/widgets/framework.dart:5871:14)
#290    _InactiveElements._unmount (package:flutter/src/widgets/framework.dart:2113:13)
#291    _InactiveElements._unmount.<anonymous closure> (package:flutter/src/widgets/framework.dart:2115:7)
#292    ComponentElement.visitChildren (package:flutter/src/widgets/framework.dart:5871:14)
#293    _InactiveElements._unmount (package:flutter/src/widgets/framework.dart:2113:13)
#294    _InactiveElements._unmount.<anonymous closure> (package:flutter/src/widgets/framework.dart:2115:7)
#295    SingleChildRenderObjectElement.visitChildren (package:flutter/src/widgets/framework.dart:7101:14)
#296    _InactiveElements._unmount (package:flutter/src/widgets/framework.dart:2113:13)
#297    _InactiveElements._unmount.<anonymous closure> (package:flutter/src/widgets/framework.dart:2115:7)
#298    ComponentElement.visitChildren (package:flutter/src/widgets/framework.dart:5871:14)
#299    _InactiveElements._unmount (package:flutter/src/widgets/framework.dart:2113:13)
#300    _InactiveElements._unmount.<anonymous closure> (package:flutter/src/widgets/framework.dart:2115:7)
#301    ComponentElement.visitChildren (package:flutter/src/widgets/framework.dart:5871:14)
#302    _InactiveElements._unmount (package:flutter/src/widgets/framework.dart:2113:13)
#303    _InactiveElements._unmount.<anonymous closure> (package:flutter/src/widgets/framework.dart:2115:7)
#304    ComponentElement.visitChildren (package:flutter/src/widgets/framework.dart:5871:14)
#305    _InactiveElements._unmount (package:flutter/src/widgets/framework.dart:2113:13)
#306    _InactiveElements._unmount.<anonymous closure> (package:flutter/src/widgets/framework.dart:2115:7)
#307    ComponentElement.visitChildren (package:flutter/src/widgets/framework.dart:5871:14)
#308    _InactiveElements._unmount (package:flutter/src/widgets/framework.dart:2113:13)
#309    _InactiveElements._unmount.<anonymous closure> (package:flutter/src/widgets/framework.dart:2115:7)
#310    ComponentElement.visitChildren (package:flutter/src/widgets/framework.dart:5871:14)
#311    _InactiveElements._unmount (package:flutter/src/widgets/framework.dart:2113:13)
#312    _InactiveElements._unmount.<anonymous closure> (package:flutter/src/widgets/framework.dart:2115:7)
#313    MultiChildRenderObjectElement.visitChildren (package:flutter/src/widgets/framework.dart:7223:16)
#314    _InactiveElements._unmount (package:flutter/src/widgets/framework.dart:2113:13)
#315    _InactiveElements._unmount.<anonymous closure> (package:flutter/src/widgets/framework.dart:2115:7)
#316    ComponentElement.visitChildren (package:flutter/src/widgets/framework.dart:5871:14)
#317    _InactiveElements._unmount (package:flutter/src/widgets/framework.dart:2113:13)
#318    _InactiveElements._unmount.<anonymous closure> (package:flutter/src/widgets/framework.dart:2115:7)
#319    ComponentElement.visitChildren (package:flutter/src/widgets/framework.dart:5871:14)
#320    _InactiveElements._unmount (package:flutter/src/widgets/framework.dart:2113:13)
#321    _InactiveElements._unmount.<anonymous closure> (package:flutter/src/widgets/framework.dart:2115:7)
#322    ComponentElement.visitChildren (package:flutter/src/widgets/framework.dart:5871:14)
#323    _InactiveElements._unmount (package:flutter/src/widgets/framework.dart:2113:13)
#324    _InactiveElements._unmount.<anonymous closure> (package:flutter/src/widgets/framework.dart:2115:7)
#325    ComponentElement.visitChildren (package:flutter/src/widgets/framework.dart:5871:14)
#326    _InactiveElements._unmount (package:flutter/src/widgets/framework.dart:2113:13)
#327    _InactiveElements._unmount.<anonymous closure> (package:flutter/src/widgets/framework.dart:2115:7)
#328    ComponentElement.visitChildren (package:flutter/src/widgets/framework.dart:5871:14)
#329    _InactiveElements._unmount (package:flutter/src/widgets/framework.dart:2113:13)
#330    _InactiveElements._unmount.<anonymous closure> (package:flutter/src/widgets/framework.dart:2115:7)
#331    ComponentElement.visitChildren (package:flutter/src/widgets/framework.dart:5871:14)
#332    _InactiveElements._unmount (package:flutter/src/widgets/framework.dart:2113:13)
#333    _InactiveElements._unmount.<anonymous closure> (package:flutter/src/widgets/framework.dart:2115:7)
#334    ComponentElement.visitChildren (package:flutter/src/widgets/framework.dart:5871:14)
#335    _InactiveElements._unmount (package:flutter/src/widgets/framework.dart:2113:13)
#336    _InactiveElements._unmount.<anonymous closure> (package:flutter/src/widgets/framework.dart:2115:7)
#337    SingleChildRenderObjectElement.visitChildren (package:flutter/src/widgets/framework.dart:7101:14)
#338    _InactiveElements._unmount (package:flutter/src/widgets/framework.dart:2113:13)
#339    _InactiveElements._unmount.<anonymous closure> (package:flutter/src/widgets/framework.dart:2115:7)
#340    SingleChildRenderObjectElement.visitChildren (package:flutter/src/widgets/framework.dart:7101:14)
#341    _InactiveElements._unmount (package:flutter/src/widgets/framework.dart:2113:13)
#342    _InactiveElements._unmount.<anonymous closure> (package:flutter/src/widgets/framework.dart:2115:7)
#343    ComponentElement.visitChildren (package:flutter/src/widgets/framework.dart:5871:14)
#344    _InactiveElements._unmount (package:flutter/src/widgets/framework.dart:2113:13)
#345    _InactiveElements._unmount.<anonymous closure> (package:flutter/src/widgets/framework.dart:2115:7)
#346    ComponentElement.visitChildren (package:flutter/src/widgets/framework.dart:5871:14)
#347    _InactiveElements._unmount (package:flutter/src/widgets/framework.dart:2113:13)
#348    _InactiveElements._unmount.<anonymous closure> (package:flutter/src/widgets/framework.dart:2115:7)
#349    ComponentElement.visitChildren (package:flutter/src/widgets/framework.dart:5871:14)
#350    _InactiveElements._unmount (package:flutter/src/widgets/framework.dart:2113:13)
#351    _InactiveElements._unmount.<anonymous closure> (package:flutter/src/widgets/framework.dart:2115:7)
#352    ComponentElement.visitChildren (package:flutter/src/widgets/framework.dart:5871:14)
#353    _InactiveElements._unmount (package:flutter/src/widgets/framework.dart:2113:13)
#354    _InactiveElements._unmount.<anonymous closure> (package:flutter/src/widgets/framework.dart:2115:7)
#355    SingleChildRenderObjectElement.visitChildren (package:flutter/src/widgets/framework.dart:7101:14)
#356    _InactiveElements._unmount (package:flutter/src/widgets/framework.dart:2113:13)
#357    _InactiveElements._unmount.<anonymous closure> (package:flutter/src/widgets/framework.dart:2115:7)
#358    ComponentElement.visitChildren (package:flutter/src/widgets/framework.dart:5871:14)
#359    _InactiveElements._unmount (package:flutter/src/widgets/framework.dart:2113:13)
#360    _InactiveElements._unmount.<anonymous closure> (package:flutter/src/widgets/framework.dart:2115:7)
#361    ComponentElement.visitChildren (package:flutter/src/widgets/framework.dart:5871:14)
#362    _InactiveElements._unmount (package:flutter/src/widgets/framework.dart:2113:13)
#363    _InactiveElements._unmount.<anonymous closure> (package:flutter/src/widgets/framework.dart:2115:7)
#364    ComponentElement.visitChildren (package:flutter/src/widgets/framework.dart:5871:14)
#365    _InactiveElements._unmount (package:flutter/src/widgets/framework.dart:2113:13)
#366    _InactiveElements._unmount.<anonymous closure> (package:flutter/src/widgets/framework.dart:2115:7)
#367    ComponentElement.visitChildren (package:flutter/src/widgets/framework.dart:5871:14)
#368    _InactiveElements._unmount (package:flutter/src/widgets/framework.dart:2113:13)
#369    _InactiveElements._unmount.<anonymous closure> (package:flutter/src/widgets/framework.dart:2115:7)
#370    ComponentElement.visitChildren (package:flutter/src/widgets/framework.dart:5871:14)
#371    _InactiveElements._unmount (package:flutter/src/widgets/framework.dart:2113:13)
#372    _InactiveElements._unmount.<anonymous closure> (package:flutter/src/widgets/framework.dart:2115:7)
#373    ComponentElement.visitChildren (package:flutter/src/widgets/framework.dart:5871:14)
#374    _InactiveElements._unmount (package:flutter/src/widgets/framework.dart:2113:13)
#375    _InactiveElements._unmount.<anonymous closure> (package:flutter/src/widgets/framework.dart:2115:7)
#376    ComponentElement.visitChildren (package:flutter/src/widgets/framework.dart:5871:14)
#377    _InactiveElements._unmount (package:flutter/src/widgets/framework.dart:2113:13)
#378    _InactiveElements._unmount.<anonymous closure> (package:flutter/src/widgets/framework.dart:2115:7)
#379    ComponentElement.visitChildren (package:flutter/src/widgets/framework.dart:5871:14)
#380    _InactiveElements._unmount (package:flutter/src/widgets/framework.dart:2113:13)
#381    _InactiveElements._unmount.<anonymous closure> (package:flutter/src/widgets/framework.dart:2115:7)
#382    ComponentElement.visitChildren (package:flutter/src/widgets/framework.dart:5871:14)
#383    _InactiveElements._unmount (package:flutter/src/widgets/framework.dart:2113:13)
#384    _InactiveElements._unmount.<anonymous closure> (package:flutter/src/widgets/framework.dart:2115:7)
#385    ComponentElement.visitChildren (package:flutter/src/widgets/framework.dart:5871:14)
#386    _InactiveElements._unmount (package:flutter/src/widgets/framework.dart:2113:13)
#387    _InactiveElements._unmount.<anonymous closure> (package:flutter/src/widgets/framework.dart:2115:7)
#388    ComponentElement.visitChildren (package:flutter/src/widgets/framework.dart:5871:14)
#389    _InactiveElements._unmount (package:flutter/src/widgets/framework.dart:2113:13)
#390    _InactiveElements._unmount.<anonymous closure> (package:flutter/src/widgets/framework.dart:2115:7)
#391    ComponentElement.visitChildren (package:flutter/src/widgets/framework.dart:5871:14)
#392    _InactiveElements._unmount (package:flutter/src/widgets/framework.dart:2113:13)
#393    _InactiveElements._unmount.<anonymous closure> (package:flutter/src/widgets/framework.dart:2115:7)
#394    ComponentElement.visitChildren (package:flutter/src/widgets/framework.dart:5871:14)
#395    _InactiveElements._unmount (package:flutter/src/widgets/framework.dart:2113:13)
#396    _InactiveElements._unmount.<anonymous closure> (package:flutter/src/widgets/framework.dart:2115:7)
#397    ComponentElement.visitChildren (package:flutter/src/widgets/framework.dart:5871:14)
#398    _InactiveElements._unmount (package:flutter/src/widgets/framework.dart:2113:13)
#399    _InactiveElements._unmount.<anonymous closure> (package:flutter/src/widgets/framework.dart:2115:7)
#400    ComponentElement.visitChildren (package:flutter/src/widgets/framework.dart:5871:14)
#401    _InactiveElements._unmount (package:flutter/src/widgets/framework.dart:2113:13)
#402    _InactiveElements._unmount.<anonymous closure> (package:flutter/src/widgets/framework.dart:2115:7)
#403    SingleChildRenderObjectElement.visitChildren (package:flutter/src/widgets/framework.dart:7101:14)
#404    _InactiveElements._unmount (package:flutter/src/widgets/framework.dart:2113:13)
#405    _InactiveElements._unmount.<anonymous closure> (package:flutter/src/widgets/framework.dart:2115:7)
#406    ComponentElement.visitChildren (package:flutter/src/widgets/framework.dart:5871:14)
#407    _InactiveElements._unmount (package:flutter/src/widgets/framework.dart:2113:13)
#408    _InactiveElements._unmount.<anonymous closure> (package:flutter/src/widgets/framework.dart:2115:7)
#409    ComponentElement.visitChildren (package:flutter/src/widgets/framework.dart:5871:14)
#410    _InactiveElements._unmount (package:flutter/src/widgets/framework.dart:2113:13)
#411    _InactiveElements._unmount.<anonymous closure> (package:flutter/src/widgets/framework.dart:2115:7)
#412    ComponentElement.visitChildren (package:flutter/src/widgets/framework.dart:5871:14)
#413    _InactiveElements._unmount (package:flutter/src/widgets/framework.dart:2113:13)
#414    _InactiveElements._unmount.<anonymous closure> (package:flutter/src/widgets/framework.dart:2115:7)
#415    ComponentElement.visitChildren (package:flutter/src/widgets/framework.dart:5871:14)
#416    _InactiveElements._unmount (package:flutter/src/widgets/framework.dart:2113:13)
#417    _InactiveElements._unmount.<anonymous closure> (package:flutter/src/widgets/framework.dart:2115:7)
#418    ComponentElement.visitChildren (package:flutter/src/widgets/framework.dart:5871:14)
#419    _InactiveElements._unmount (package:flutter/src/widgets/framework.dart:2113:13)
#420    _InactiveElements._unmount.<anonymous closure> (package:flutter/src/widgets/framework.dart:2115:7)
#421    SingleChildRenderObjectElement.visitChildren (package:flutter/src/widgets/framework.dart:7101:14)
#422    _InactiveElements._unmount (package:flutter/src/widgets/framework.dart:2113:13)
#423    _InactiveElements._unmount.<anonymous closure> (package:flutter/src/widgets/framework.dart:2115:7)
#424    ComponentElement.visitChildren (package:flutter/src/widgets/framework.dart:5871:14)
#425    _InactiveElements._unmount (package:flutter/src/widgets/framework.dart:2113:13)
#426    _InactiveElements._unmount.<anonymous closure> (package:flutter/src/widgets/framework.dart:2115:7)
#427    ComponentElement.visitChildren (package:flutter/src/widgets/framework.dart:5871:14)
#428    _InactiveElements._unmount (package:flutter/src/widgets/framework.dart:2113:13)
#429    _InactiveElements._unmount.<anonymous closure> (package:flutter/src/widgets/framework.dart:2115:7)
#430    SingleChildRenderObjectElement.visitChildren (package:flutter/src/widgets/framework.dart:7101:14)
#431    _InactiveElements._unmount (package:flutter/src/widgets/framework.dart:2113:13)
#432    _InactiveElements._unmount.<anonymous closure> (package:flutter/src/widgets/framework.dart:2115:7)
#433    ComponentElement.visitChildren (package:flutter/src/widgets/framework.dart:5871:14)
#434    _InactiveElements._unmount (package:flutter/src/widgets/framework.dart:2113:13)
#435    _InactiveElements._unmount.<anonymous closure> (package:flutter/src/widgets/framework.dart:2115:7)
#436    ComponentElement.visitChildren (package:flutter/src/widgets/framework.dart:5871:14)
#437    _InactiveElements._unmount (package:flutter/src/widgets/framework.dart:2113:13)
#438    _InactiveElements._unmount.<anonymous closure> (package:flutter/src/widgets/framework.dart:2115:7)
#439    ComponentElement.visitChildren (package:flutter/src/widgets/framework.dart:5871:14)
#440    _InactiveElements._unmount (package:flutter/src/widgets/framework.dart:2113:13)
#441    _InactiveElements._unmount.<anonymous closure> (package:flutter/src/widgets/framework.dart:2115:7)
#442    ComponentElement.visitChildren (package:flutter/src/widgets/framework.dart:5871:14)
#443    _InactiveElements._unmount (package:flutter/src/widgets/framework.dart:2113:13)
#444    _InactiveElements._unmount.<anonymous closure> (package:flutter/src/widgets/framework.dart:2115:7)
#445    ComponentElement.visitChildren (package:flutter/src/widgets/framework.dart:5871:14)
#446    _InactiveElements._unmount (package:flutter/src/widgets/framework.dart:2113:13)
#447    _InactiveElements._unmount.<anonymous closure> (package:flutter/src/widgets/framework.dart:2115:7)
#448    SingleChildRenderObjectElement.visitChildren (package:flutter/src/widgets/framework.dart:7101:14)
#449    _InactiveElements._unmount (package:flutter/src/widgets/framework.dart:2113:13)
#450    _InactiveElements._unmount.<anonymous closure> (package:flutter/src/widgets/framework.dart:2115:7)
#451    ComponentElement.visitChildren (package:flutter/src/widgets/framework.dart:5871:14)
#452    _InactiveElements._unmount (package:flutter/src/widgets/framework.dart:2113:13)
#453    _InactiveElements._unmount.<anonymous closure> (package:flutter/src/widgets/framework.dart:2115:7)
#454    ComponentElement.visitChildren (package:flutter/src/widgets/framework.dart:5871:14)
#455    _InactiveElements._unmount (package:flutter/src/widgets/framework.dart:2113:13)
#456    _InactiveElements._unmount.<anonymous closure> (package:flutter/src/widgets/framework.dart:2115:7)
#457    ComponentElement.visitChildren (package:flutter/src/widgets/framework.dart:5871:14)
#458    _InactiveElements._unmount (package:flutter/src/widgets/framework.dart:2113:13)
#459    _InactiveElements._unmount.<anonymous closure> (package:flutter/src/widgets/framework.dart:2115:7)
#460    ComponentElement.visitChildren (package:flutter/src/widgets/framework.dart:5871:14)
#461    _InactiveElements._unmount (package:flutter/src/widgets/framework.dart:2113:13)
#462    _InactiveElements._unmount.<anonymous closure> (package:flutter/src/widgets/framework.dart:2115:7)
#463    ComponentElement.visitChildren (package:flutter/src/widgets/framework.dart:5871:14)
#464    _InactiveElements._unmount (package:flutter/src/widgets/framework.dart:2113:13)
#465    _InactiveElements._unmount.<anonymous closure> (package:flutter/src/widgets/framework.dart:2115:7)
#466    SingleChildRenderObjectElement.visitChildren (package:flutter/src/widgets/framework.dart:7101:14)
#467    _InactiveElements._unmount (package:flutter/src/widgets/framework.dart:2113:13)
#468    _InactiveElements._unmount.<anonymous closure> (package:flutter/src/widgets/framework.dart:2115:7)
#469    ComponentElement.visitChildren (package:flutter/src/widgets/framework.dart:5871:14)
#470    _InactiveElements._unmount (package:flutter/src/widgets/framework.dart:2113:13)
#471    _InactiveElements._unmount.<anonymous closure> (package:flutter/src/widgets/framework.dart:2115:7)
#472    ComponentElement.visitChildren (package:flutter/src/widgets/framework.dart:5871:14)
#473    _InactiveElements._unmount (package:flutter/src/widgets/framework.dart:2113:13)
#474    _InactiveElements._unmount.<anonymous closure> (package:flutter/src/widgets/framework.dart:2115:7)
#475    ComponentElement.visitChildren (package:flutter/src/widgets/framework.dart:5871:14)
#476    _InactiveElements._unmount (package:flutter/src/widgets/framework.dart:2113:13)
#477    _InactiveElements._unmount.<anonymous closure> (package:flutter/src/widgets/framework.dart:2115:7)
#478    ComponentElement.visitChildren (package:flutter/src/widgets/framework.dart:5871:14)
#479    _InactiveElements._unmount (package:flutter/src/widgets/framework.dart:2113:13)
#480    _InactiveElements._unmount.<anonymous closure> (package:flutter/src/widgets/framework.dart:2115:7)
#481    SingleChildRenderObjectElement.visitChildren (package:flutter/src/widgets/framework.dart:7101:14)
#482    _InactiveElements._unmount (package:flutter/src/widgets/framework.dart:2113:13)
#483    _InactiveElements._unmount.<anonymous closure> (package:flutter/src/widgets/framework.dart:2115:7)
#484    ComponentElement.visitChildren (package:flutter/src/widgets/framework.dart:5871:14)
#485    _InactiveElements._unmount (package:flutter/src/widgets/framework.dart:2113:13)
#486    _InactiveElements._unmount.<anonymous closure> (package:flutter/src/widgets/framework.dart:2115:7)
#487    ComponentElement.visitChildren (package:flutter/src/widgets/framework.dart:5871:14)
#488    _InactiveElements._unmount (package:flutter/src/widgets/framework.dart:2113:13)
#489    _InactiveElements._unmount.<anonymous closure> (package:flutter/src/widgets/framework.dart:2115:7)
#490    ComponentElement.visitChildren (package:flutter/src/widgets/framework.dart:5871:14)
#491    _InactiveElements._unmount (package:flutter/src/widgets/framework.dart:2113:13)
#492    _InactiveElements._unmount.<anonymous closure> (package:flutter/src/widgets/framework.dart:2115:7)
#493    ComponentElement.visitChildren (package:flutter/src/widgets/framework.dart:5871:14)
#494    _InactiveElements._unmount (package:flutter/src/widgets/framework.dart:2113:13)
#495    _InactiveElements._unmount.<anonymous closure> (package:flutter/src/widgets/framework.dart:2115:7)
#496    ComponentElement.visitChildren (package:flutter/src/widgets/framework.dart:5871:14)
#497    _InactiveElements._unmount (package:flutter/src/widgets/framework.dart:2113:13)
#498    _InactiveElements._unmount.<anonymous closure> (package:flutter/src/widgets/framework.dart:2115:7)
#499    ComponentElement.visitChildren (package:flutter/src/widgets/framework.dart:5871:14)
#500    _InactiveElements._unmount (package:flutter/src/widgets/framework.dart:2113:13)
#501    _InactiveElements._unmount.<anonymous closure> (package:flutter/src/widgets/framework.dart:2115:7)
#502    ComponentElement.visitChildren (package:flutter/src/widgets/framework.dart:5871:14)
#503    _InactiveElements._unmount (package:flutter/src/widgets/framework.dart:2113:13)
#504    _InactiveElements._unmount.<anonymous closure> (package:flutter/src/widgets/framework.dart:2115:7)
#505    ComponentElement.visitChildren (package:flutter/src/widgets/framework.dart:5871:14)
#506    _InactiveElements._unmount (package:flutter/src/widgets/framework.dart:2113:13)
#507    _InactiveElements._unmount.<anonymous closure> (package:flutter/src/widgets/framework.dart:2115:7)
#508    ComponentElement.visitChildren (package:flutter/src/widgets/framework.dart:5871:14)
#509    _InactiveElements._unmount (package:flutter/src/widgets/framework.dart:2113:13)
#510    _InactiveElements._unmount.<anonymous closure> (package:flutter/src/widgets/framework.dart:2115:7)
#511    ComponentElement.visitChildren (package:flutter/src/widgets/framework.dart:5871:14)
#512    _InactiveElements._unmount (package:flutter/src/widgets/framework.dart:2113:13)
#513    _InactiveElements._unmount.<anonymous closure> (package:flutter/src/widgets/framework.dart:2115:7)
#514    ComponentElement.visitChildren (package:flutter/src/widgets/framework.dart:5871:14)
#515    _InactiveElements._unmount (package:flutter/src/widgets/framework.dart:2113:13)
#516    _InactiveElements._unmount.<anonymous closure> (package:flutter/src/widgets/framework.dart:2115:7)
#517    ComponentElement.visitChildren (package:flutter/src/widgets/framework.dart:5871:14)
#518    _InactiveElements._unmount (package:flutter/src/widgets/framework.dart:2113:13)
#519    _InactiveElements._unmount.<anonymous closure> (package:flutter/src/widgets/framework.dart:2115:7)
#520    ComponentElement.visitChildren (package:flutter/src/widgets/framework.dart:5871:14)
#521    _InactiveElements._unmount (package:flutter/src/widgets/framework.dart:2113:13)
#522    _InactiveElements._unmount.<anonymous closure> (package:flutter/src/widgets/framework.dart:2115:7)
#523    ComponentElement.visitChildren (package:flutter/src/widgets/framework.dart:5871:14)
#524    _InactiveElements._unmount (package:flutter/src/widgets/framework.dart:2113:13)
#525    _InactiveElements._unmount.<anonymous closure> (package:flutter/src/widgets/framework.dart:2115:7)
#526    ComponentElement.visitChildren (package:flutter/src/widgets/framework.dart:5871:14)
#527    _InactiveElements._unmount (package:flutter/src/widgets/framework.dart:2113:13)
#528    ListIterable.forEach (dart:_internal/iterable.dart:49:13)
#529    _InactiveElements._unmountAll (package:flutter/src/widgets/framework.dart:2126:25)
#530    BuildOwner.lockState (package:flutter/src/widgets/framework.dart:3020:15)
#531    BuildOwner.finalizeTree (package:flutter/src/widgets/framework.dart:3344:7)
#532    AutomatedTestWidgetsFlutterBinding.drawFrame (package:flutter_test/src/binding.dart:2453:19)
#533    RendererBinding._handlePersistentFrameCallback (package:flutter/src/rendering/binding.dart:509:5)
#534    SchedulerBinding._invokeFrameCallback (package:flutter/src/scheduler/binding.dart:1430:15)
#535    SchedulerBinding.handleDrawFrame (package:flutter/src/scheduler/binding.dart:1345:9)
#536    AutomatedTestWidgetsFlutterBinding.scheduleWarmUpFrame (package:flutter_test/src/binding.dart:2357:5)
#537    _runWidget (package:flutter/src/widgets/binding.dart:1952:7)
#538    runApp (package:flutter/src/widgets/binding.dart:1885:3)
#539    TestWidgetsFlutterBinding._runTestBody (package:flutter_test/src/binding.dart:1959:7)
<asynchronous suspension>
<asynchronous suspension>
(elided 3 frames from class _AssertionError and package:stack_trace)
ΓòÉΓòÉΓòÉΓòÉΓòÉΓòÉΓòÉΓòÉΓòÉΓòÉΓòÉΓòÉΓòÉΓòÉΓòÉΓòÉΓòÉΓòÉΓòÉΓòÉΓòÉΓòÉΓòÉΓòÉΓòÉΓòÉΓòÉΓòÉΓòÉΓòÉΓòÉΓòÉΓòÉΓòÉΓòÉΓòÉΓòÉΓòÉΓòÉΓòÉΓòÉΓòÉΓòÉΓòÉΓòÉΓòÉΓòÉΓòÉΓòÉΓòÉΓòÉΓòÉΓòÉΓòÉΓòÉΓòÉΓòÉΓòÉΓòÉΓòÉΓòÉΓòÉΓòÉΓòÉΓòÉΓòÉΓòÉΓòÉΓòÉΓòÉΓòÉΓòÉΓòÉΓòÉΓòÉΓòÉΓòÉΓòÉΓòÉΓòÉΓòÉΓòÉΓòÉΓòÉΓòÉΓòÉΓòÉΓòÉΓòÉΓòÉΓòÉΓòÉΓòÉΓòÉΓòÉΓòÉΓòÉΓòÉΓòÉΓòÉ
00:01 +0 -1: App load smoke test [E]
  Test failed. See exception logs above.
  The test description was: App load smoke test
  
00:01 +0 -1: Some tests failed.

Failing tests:
  C:/Users/tofik/StudioProjects/sign_language_translator/test/widget_test.dart: App load smoke test
